---
source: crates/notion-tui/tests/render_smoke.rs
assertion_line: 12
expression: term.backend()
---
"┌ notion ──────────────────┐┌──────────────────────────────┐"
"│                          ││                              │"
"│                          ││                              │"
"│                          ││                              │"
"│                          ││                              │"
"│                          ││                              │"
"│                          ││                              │"
"│                          ││                              │"
"│                          ││                              │"
"│                          ││                              │"
"└──────────────────────────┘└──────────────────────────────┘"
"✓ synced                                                    "
